// Vitest Snapshot v1, https://vitest.dev/guide/snapshot.html

exports[`LoginPage component > should render LoginPage and match snapshot 1`] = `
<div>
  <div
    class="main-container"
  >
    <div
      class="login-page"
    >
      <h1>
        Inicia sesión
      </h1>
      <form>
        <label>
          Email
          <input
            name="email"
            type="text"
            value=""
          />
        </label>
        <label>
          Password
          <input
            name="password"
            type="password"
            value=""
          />
        </label>
        <button
          disabled=""
          type="submit"
        >
          Iniciar sesión
        </button>
        <label
          class="remember-check"
        >
          <input
            type="checkbox"
          />
          <span>
            Recordar contraseña
          </span>
        </label>
        <a
          data-discover="true"
          href="/"
        >
           
          <img
            alt="Ir al inicio"
            class="login-logo"
            src="/src/assets/react.svg"
          />
        </a>
      </form>
    </div>
  </div>
</div>
`;
